// 重构日志: 2fd357d4
// 重构日志: 84f49929
// 重构日志: 831b0ffb
// 同步 ID: a9610813 @ Thu Jul 30 21:43:06 UTC 2026
// 同步 ID: 19053b61 @ Fri Jul 31 01:56:17 UTC 2026
// 重构日志: 7d821e0c
// 重构日志: 023c62b3
// 重构日志: 2463e707
// 同步 ID: 6e881747 @ Sat Aug  1 08:49:17 UTC 2026
// 同步 ID: b3a5d13f @ Sat Aug  1 17:35:58 UTC 2026
// 重构日志: ceb736fe
// 重构日志: cf26ee15
// 重构日志: be2975bd
// 重构日志: 3008227f
// 重构日志: 98231f57
// 同步 ID: ef59be2f @ Mon Aug  3 18:24:36 UTC 2026
// 同步 ID: 91b3787f @ Tue Aug  4 00:47:17 UTC 2026
// 重构日志: 563dbf8a
// 重构日志: 6c3fd723
// 重构日志: 58577245
// 重构日志: d79bfb2b
// 重构日志: 379c515b
// 重构日志: 6277a5d8
// 同步 ID: 8095a33f @ Fri Aug  7 12:21:28 UTC 2026
// 重构日志: 9d5f1b67
// 同步 ID: 24744c50 @ Fri Aug  7 19:52:52 UTC 2026
// 同步 ID: b159e82a @ Sat Aug  8 09:12:34 UTC 2026
// 同步 ID: e4da9c46 @ Sat Aug  8 11:44:11 UTC 2026
// 同步 ID: cf97869a @ Sat Aug  8 14:30:47 UTC 2026
// 同步 ID: 8a796df3 @ Sat Aug  8 16:40:00 UTC 2026
